Antoines-MacBook-Pro-2:command-line antoinegordon$ touch mv
Antoines-MacBook-Pro-2:command-line antoinegordon$ git add mv
Antoines-MacBook-Pro-2:command-line antoinegordon$ git commit -m mv
[master e24bc6c] mv
 1 file changed, 0 insertions(+), 0 deletions(-)
 create mode 100644 command-line/mv
Antoines-MacBook-Pro-2:command-line antoinegordon$ git status
On branch master
Your branch is ahead of 'origin/master' by 1 commit.
  (use "git push" to publish your local commits)
Untracked files:
  (use "git add <file>..." to include in what will be committed)

	../ruby-kickstart/
	../ruby-practice/

nothing added to commit but untracked files present (use "git add" to track)
Antoines-MacBook-Pro-2:command-line antoinegordon$ git remote -v
origin	https://github.com/antoinegordon/command-line.git (fetch)
origin	https://github.com/antoinegordon/command-line.git (push)
Antoines-MacBook-Pro-2:command-line antoinegordon$ git log
commit e24bc6c3a93a3b6bd9148e1c52b3af651fee78ad
Author: Antoine Gordon <antoinegordon86@gmail.com>
Date:   Tue Nov 3 14:55:53 2015 +0000

    mv

commit a744aa4e45da5dd99a2046b67571351e89d10303
Author: Antoine Gordon <antoinegordon86@gmail.com>
Date:   Tue Nov 3 14:49:31 2015 +0000

    README
Antoines-MacBook-Pro-2:command-line antoinegordon$ git push -u origin master
Counting objects: 4, done.
Delta compression using up to 8 threads.
Compressing objects: 100% (2/2), done.
Writing objects: 100% (4/4), 315 bytes | 0 bytes/s, done.
Total 4 (delta 0), reused 0 (delta 0)
To https://github.com/antoinegordon/command-line.git
   a744aa4..e24bc6c  master -> master
Branch master set up to track remote branch master from origin
